Starting resume parsing test...
DEBUG: Extracting text from resume buffer...
Warning: Ignoring invalid character "104" in hex string
Warning: Ignoring invalid character "116" in hex string
Warning: Ignoring invalid character "116" in hex string
Warning: Ignoring invalid character "112" in hex string
Warning: Ignoring invalid character "115" in hex string
Warning: Ignoring invalid character "58" in hex string
Warning: Ignoring invalid character "47" in hex string
Warning: Ignoring invalid character "47" in hex string
Warning: Ignoring invalid character "106" in hex string
Warning: Ignoring invalid character "105" in hex string
Warning: Ignoring invalid character "109" in hex string
Warning: Ignoring invalid character "109" in hex string
Warning: Ignoring invalid character "121" in hex string
Warning: Ignoring invalid character "46" in hex string
Warning: Ignoring invalid character "119" in hex string
Warning: Ignoring invalid character "114" in hex string
Warning: Ignoring invalid character "116" in hex string
Warning: Ignoring invalid character "105" in hex string
Warning: Ignoring invalid character "110" in hex string
Warning: Ignoring invalid character "103" in hex string
Warning: Ignoring invalid character "46" in hex string
Warning: Ignoring invalid character "115" in hex string
Warning: Ignoring invalid character "47" in hex string
Warning: Ignoring invalid character "111" in hex string
Warning: Ignoring invalid character "112" in hex string
Warning: Ignoring invalid character "110" in hex string
Warning: Ignoring invalid character "115" in hex string
Warning: Ignoring invalid character "111" in hex string
Warning: Ignoring invalid character "117" in hex string
Warning: Ignoring invalid character "114" in hex string
node : Text Extraction Error Details: Error
At line:1 char:1
+ node test-resume-parser.js > test_output.txt 2>&1
+ ~~~~~~~~~~~~~~~~~~~~~~~~~~~~~~~~~~~~~~~~~~~~~~~~~
    + CategoryInfo          : NotSpecified: (Text Extraction Error Details: Error:String) [], Remote 
   Exception
    + FullyQualifiedErrorId : NativeCommandError
 
    at UnknownErrorExceptionClosure (D:\mini project\Main project\AI_Powered_Agentic_Hiring_Platform\
backend\node_modules\pdf-parse\lib\pdf.js\v1.10.100\build\pdf.js:443:37)
    at Object.<anonymous> (D:\mini project\Main project\AI_Powered_Agentic_Hiring_Platform\backend\no
de_modules\pdf-parse\lib\pdf.js\v1.10.100\build\pdf.js:446:2)
    at __w_pdfjs_require__ (D:\mini project\Main project\AI_Powered_Agentic_Hiring_Platform\backend\n
ode_modules\pdf-parse\lib\pdf.js\v1.10.100\build\pdf.js:45:30)
    at Object.<anonymous> (D:\mini project\Main project\AI_Powered_Agentic_Hiring_Platform\backend\no
de_modules\pdf-parse\lib\pdf.js\v1.10.100\build\pdf.js:7939:23)
    at __w_pdfjs_require__ (D:\mini project\Main project\AI_Powered_Agentic_Hiring_Platform\backend\n
ode_modules\pdf-parse\lib\pdf.js\v1.10.100\build\pdf.js:45:30)
    at D:\mini project\Main project\AI_Powered_Agentic_Hiring_Platform\backend\node_modules\pdf-parse
\lib\pdf.js\v1.10.100\build\pdf.js:88:18
    at D:\mini project\Main project\AI_Powered_Agentic_Hiring_Platform\backend\node_modules\pdf-parse
\lib\pdf.js\v1.10.100\build\pdf.js:91:10
    at webpackUniversalModuleDefinition (D:\mini project\Main project\AI_Powered_Agentic_Hiring_Platf
orm\backend\node_modules\pdf-parse\lib\pdf.js\v1.10.100\build\pdf.js:18:20)
    at Object.<anonymous> (D:\mini project\Main project\AI_Powered_Agentic_Hiring_Platform\backend\no
de_modules\pdf-parse\lib\pdf.js\v1.10.100\build\pdf.js:25:3)
    at Module._compile (node:internal/modules/cjs/loader:1706:14)
    at Object..js (node:internal/modules/cjs/loader:1839:10)
    at Module.load (node:internal/modules/cjs/loader:1441:32)
    at Function._load (node:internal/modules/cjs/loader:1263:12)
    at TracingChannel.traceSync (node:diagnostics_channel:322:14)
    at wrapModuleLoad (node:internal/modules/cjs/loader:237:24)
    at Module.require (node:internal/modules/cjs/loader:1463:12) {
  message: 'bad XRef entry',
  details: 'FormatError: bad XRef entry'
}
Groq Resume parsing error: Error: Failed to extract text from file: bad XRef entry
    at extractTextFromBuffer (file:///D:/mini%20project/Main%20project/AI_Powered_Agentic_Hiring_Plat
form/backend/services/aiResumeService.js:42:15)
    at async parseResume (file:///D:/mini%20project/Main%20project/AI_Powered_Agentic_Hiring_Platform
/backend/services/resumeParser.js:12:25)
    at async testResumeParsing (file:///D:/mini%20project/Main%20project/AI_Powered_Agentic_Hiring_Pl
atform/backend/test-resume-parser.js:16:24)
Test Failed with Error: Failed to parse resume with Groq AI. Error: Failed to extract text from 
file: bad XRef entry
Error: Failed to parse resume with Groq AI. Error: Failed to extract text from file: bad XRef entry
    at parseResume (file:///D:/mini%20project/Main%20project/AI_Powered_Agentic_Hiring_Platform/backe
nd/services/resumeParser.js:31:15)
    at async testResumeParsing (file:///D:/mini%20project/Main%20project/AI_Powered_Agentic_Hiring_Pl
atform/backend/test-resume-parser.js:16:24)
